src/components/auth/AuthForm.tsx(103,37): error TS2307: Cannot find module '@/actions/auth' or its corresponding type declarations.
